group,isom,perm_isom,<3:1>.tot,<3:1>.sbrace,<3:1>.ac
"<(1,2,3)>",<3:1>,1,1,1,1
"<(2,3), (1,2,3)>",<6:1>,2,1,0,1
