group,isom,perm_isom,<5:1>.tot,<5:1>.sbrace,<5:1>.ac
"<(1,2,3,4,5)>",<5:1>,1,1,1,1
"<(2,5)(3,4), (1,2,3,4,5)>",<10:1>,2,1,0,1
"<(2,3,5,4), (2,5)(3,4), (1,2,3,4,5)>",<20:3>,3,1,0,1
