group,isom,perm_isom,<13:1>.tot,<13:1>.sbrace,<13:1>.ac
"<(1,2,3,4,5,6,7,8,9,10,11,12,13)>",<13:1>,1,1,1,1
"<(2,13)(3,12)(4,11)(5,10)(6,9)(7,8), (1,2,3,4,5,6,7,8,9,10,11,12,13)>",<26:1>,2,1,0,1
"<(2,4,10)(3,7,6)(5,13,11)(8,9,12), (1,2,3,4,5,6,7,8,9,10,11,12,13)>",<39:1>,3,1,0,1
"<(2,6,13,9)(3,11,12,4)(5,8,10,7), (2,13)(3,12)(4,11)(5,10)(6,9)(7,8), (1,2,3,4,5,6,7,8,9,10,11,12,13)>",<52:3>,4,1,0,1
"<(2,5,4,13,10,11)(3,9,7,12,6,8), (2,4,10)(3,7,6)(5,13,11)(8,9,12), (1,2,3,4,5,6,7,8,9,10,11,12,13)>",<78:1>,5,1,0,1
"<(2,3,5,9,4,7,13,12,10,6,11,8), (2,5,4,13,10,11)(3,9,7,12,6,8), (2,4,10)(3,7,6)(5,13,11)(8,9,12), (1,2,3,4,5,6,7,8,9,10,11,12,13)>",<156:7>,6,1,0,1
