group,isom,perm_isom,<4:1>.tot,<4:1>.sbrace,<4:1>.ac,<4:2>.tot,<4:2>.sbrace,<4:2>.ac
"<(1,3,2,4), (1,2)(3,4)>",<4:1>,1,1,1,1,1,1,0
"<(1,3)(2,4), (1,2)(3,4)>",<4:2>,2,1,1,0,1,1,1
"<(3,4), (1,3,2,4), (1,2)(3,4)>",<8:3>,3,1,0,1,1,0,1
"<(2,4,3), (1,3)(2,4), (1,2)(3,4)>",<12:3>,4,0,0,0,1,0,1
"<(3,4), (2,4,3), (1,3)(2,4), (1,2)(3,4)>",<24:12>,5,0,0,0,1,0,1
