group,isom,perm_isom,gsol,<3:1>.total,<3:1>.Sbrace,<3:1>.AC,<3:1>.nsol
"<(1,2,3)>",<3:1>,1,TRUE,1,1,1,TRUE
"<(2,3), (1,2,3)>",<6:1>,2,TRUE,1,0,1,TRUE
