group,isom,perm_isom,gsol,<4:1>.total,<4:1>.Sbrace,<4:1>.AC,<4:1>.nsol,<4:2>.total,<4:2>.Sbrace,<4:2>.AC,<4:2>.nsol
"<(1,3,2,4), (1,2)(3,4)>",<4:1>,1,TRUE,1,1,1,TRUE,1,1,0,TRUE
"<(1,3)(2,4), (1,2)(3,4)>",<4:2>,2,TRUE,1,1,0,TRUE,1,1,1,TRUE
"<(3,4), (1,3,2,4), (1,2)(3,4)>",<8:3>,3,TRUE,1,0,1,TRUE,1,0,1,TRUE
"<(2,4,3), (1,3)(2,4), (1,2)(3,4)>",<12:3>,4,TRUE,0,0,0,TRUE,1,0,1,TRUE
"<(3,4), (2,4,3), (1,3)(2,4), (1,2)(3,4)>",<24:12>,5,TRUE,0,0,0,TRUE,1,0,1,TRUE
