group,isom,perm_isom,<2:1>.total,<2:1>.Gal,<2:1>.AC,<2:1>.BC
"<(1,2)>",<2:1>,1,1,1,1,1
